// Jest Snapshot v1, https://goo.gl/fbAQLP

exports[`SignUpContainer matched snapshot 1`] = `
<RCTSafeAreaView
  emulateUnlessSupported={true}
>
  <RCTScrollView>
    <View>
      <View
        onLayout={[Function]}
        style={
          Array [
            Object {
              "flex": 1,
            },
            Object {
              "paddingBottom": 0,
            },
          ]
        }
      >
        <Image
          source={1}
          style={
            Object {
              "height": "100%",
              "position": "absolute",
              "resizeMode": "contain",
              "top": -170,
              "width": "100%",
            }
          }
        />
        <View
          accessible={true}
          focusable={true}
          onClick={[Function]}
          onResponderGrant={[Function]}
          onResponderMove={[Function]}
          onResponderRelease={[Function]}
          onResponderTerminate={[Function]}
          onResponderTerminationRequest={[Function]}
          onStartShouldSetResponder={[Function]}
          style={
            Object {
              "alignItems": "center",
              "backgroundColor": "rgba(21,22,48,0.1)",
              "borderRadius": 16,
              "height": 32,
              "justifyContent": "center",
              "left": 17,
              "opacity": 1,
              "position": "absolute",
              "top": 10,
              "width": 32,
            }
          }
        >
          <Text />
        </View>
        <View
          style={
            Object {
              "alignItems": "center",
              "position": "absolute",
              "top": 50,
              "width": "100%",
            }
          }
        >
          <Text
            style={
              Object {
                "fontSize": 35,
                "fontWeight": "bold",
                "padding": "5%",
              }
            }
          >
            Let's get started!
          </Text>
          <Text>
            Create an account to use our features
          </Text>
        </View>
        <View
          style={
            Object {
              "marginBottom": 48,
              "marginHorizontal": 30,
              "marginTop": "50%",
            }
          }
        >
          <View
            style={
              Object {
                "marginTop": 32,
              }
            }
            testID="wrapper"
          >
            <Text
              style={
                Object {
                  "color": "#8A8F9E",
                  "fontSize": 10,
                  "textTransform": "uppercase",
                }
              }
              testID="text"
            >
              Name
            </Text>
            <TextInput
              allowFontScaling={true}
              autoCapitalize="none"
              onChangeText={[Function]}
              rejectResponderTermination={true}
              style={
                Object {
                  "borderBottomColor": "#8A8F9E",
                  "borderBottomWidth": 0.5,
                  "color": "#161f3d",
                  "fontSize": 15,
                  "height": 40,
                }
              }
              testID="input"
              underlineColorAndroid="transparent"
              value=""
            />
          </View>
          <View
            style={
              Object {
                "marginTop": 32,
              }
            }
            testID="wrapper"
          >
            <Text
              style={
                Object {
                  "color": "#8A8F9E",
                  "fontSize": 10,
                  "textTransform": "uppercase",
                }
              }
              testID="text"
            >
              Email
            </Text>
            <TextInput
              allowFontScaling={true}
              autoCapitalize="none"
              keyboardType="email-address"
              onChangeText={[Function]}
              rejectResponderTermination={true}
              style={
                Object {
                  "borderBottomColor": "#8A8F9E",
                  "borderBottomWidth": 0.5,
                  "color": "#161f3d",
                  "fontSize": 15,
                  "height": 40,
                }
              }
              testID="input"
              underlineColorAndroid="transparent"
              value=""
            />
          </View>
          <View
            style={
              Object {
                "marginTop": 32,
              }
            }
          >
            <Text
              style={
                Object {
                  "color": "#8A8F9E",
                  "fontSize": 10,
                  "textTransform": "uppercase",
                }
              }
            >
              Password
            </Text>
            <TextInput
              allowFontScaling={true}
              autoCapitalize="none"
              onChangeText={[Function]}
              rejectResponderTermination={true}
              secureTextEntry={true}
              style={
                Object {
                  "borderBottomColor": "#8A8F9E",
                  "borderBottomWidth": 0.5,
                  "color": "#161f3d",
                  "fontSize": 15,
                  "height": 40,
                }
              }
              underlineColorAndroid="transparent"
              value=""
            />
          </View>
          <View
            style={
              Object {
                "marginBottom": 30,
                "marginTop": 32,
              }
            }
          >
            <Text
              style={
                Object {
                  "color": "#8A8F9E",
                  "fontSize": 10,
                  "textTransform": "uppercase",
                }
              }
            >
              Re-enter Password
            </Text>
            <TextInput
              allowFontScaling={true}
              autoCapitalize="none"
              onChangeText={[Function]}
              rejectResponderTermination={true}
              secureTextEntry={true}
              style={
                Object {
                  "borderBottomColor": "#8A8F9E",
                  "borderBottomWidth": 0.5,
                  "color": "#161f3d",
                  "fontSize": 15,
                  "height": 40,
                }
              }
              underlineColorAndroid="transparent"
              value=""
            />
          </View>
          <View
            accessible={true}
            focusable={true}
            onClick={[Function]}
            onResponderGrant={[Function]}
            onResponderMove={[Function]}
            onResponderRelease={[Function]}
            onResponderTerminate={[Function]}
            onResponderTerminationRequest={[Function]}
            onStartShouldSetResponder={[Function]}
            style={
              Object {
                "alignItems": "center",
                "backgroundColor": "#70bee2",
                "borderRadius": 4,
                "height": 52,
                "justifyContent": "center",
                "marginBottom": 10,
                "marginHorizontal": 30,
                "opacity": 1,
                "paddingVertical": 15,
              }
            }
            testID="submit"
          >
            <Text
              style={
                Object {
                  "color": "rgb(108,108,108)",
                  "fontWeight": "700",
                  "textAlign": "center",
                }
              }
              testID="text"
            >
              <Text>
                Sign Up
              </Text>
            </Text>
          </View>
        </View>
      </View>
    </View>
  </RCTScrollView>
</RCTSafeAreaView>
`;
